shot: docs/qa/matrix/calm-1920x1080.jpg (+ gray)
shot: docs/qa/matrix/cy-07-1920x1080.jpg (+ gray)
shot: docs/qa/matrix/cy-10-1920x1080.jpg (+ gray)
shot: docs/qa/matrix/cy-16-1920x1080.jpg (+ gray)
shot: docs/qa/matrix/cy-22-1920x1080.jpg (+ gray)
shot: docs/qa/matrix/cydef-09-1920x1080.jpg (+ gray)
shot: docs/qa/matrix/cy-16-low-1920x1080.jpg (+ gray)
shot: docs/qa/matrix/cy-16-calm-1920x1080.jpg (+ gray)
shot: docs/qa/matrix/cy-16-protan-1920x1080.jpg (+ gray)
shot: docs/qa/matrix/cy-16-deutan-1920x1080.jpg (+ gray)
shot: docs/qa/matrix/tip-sound-1920x1080.jpg (+ gray)
shot: docs/qa/matrix/tip-quality-1920x1080.jpg (+ gray)
shot: docs/qa/matrix/tutorial-1920x1080.jpg (+ gray)
shot: docs/qa/matrix/tutorial-1366x768.jpg (+ gray)
shot: docs/qa/matrix/tutorial-2560x1440.jpg (+ gray)
shot: docs/qa/matrix/calm-1366x768.jpg (+ gray)
shot: docs/qa/matrix/calm-2560x1440.jpg (+ gray)
shot: docs/qa/matrix/cy-16-1366x768.jpg (+ gray)
shot: docs/qa/matrix/cy-16-2560x1440.jpg (+ gray)
console errors: none
